---
source: euphony-dsp/src/osc/noise.rs
expression: node
---
Node {
    name: "White",
    module: [
        "osc",
        "noise",
    ],
    impl_path: "euphony_dsp::osc::noise",
    id: 110,
    inputs: [
        Input {
            name: "seed",
            id: 0,
            trigger: true,
            default: 0.0,
        },
    ],
    buffers: [],
    docs: " White noise generator.\n",
    fork: None,
}
