---
source: euphony-sc-core/src/osc.rs
expression: msg
---
Ok(
    Message(
        OscMessage {
            addr: "/b_allocRead",
            args: [
                Int(
                    1,
                ),
                String(
                    "path/to/buffer",
                ),
                Int(
                    123,
                ),
                Int(
                    456,
                ),
            ],
        },
    ),
)
