---
source: euphony-dsp/src/unary.rs
assertion_line: 234
expression: node
---
Node {
    name: "ToRadians",
    module: [
        "unary",
    ],
    impl_path: "euphony_dsp::unary",
    id: 31,
    inputs: [
        Input {
            name: "input",
            id: 0,
            trigger: false,
            default: 0.0,
        },
    ],
    buffers: [],
    docs: " Converts degrees to radians.\n",
}
