---
source: euphony-dsp/src/unary.rs
assertion_line: 216
expression: node
---
Node {
    name: "Tan",
    module: [
        "unary",
    ],
    impl_path: "euphony_dsp::unary",
    id: 28,
    inputs: [
        Input {
            name: "input",
            id: 0,
            trigger: false,
            default: 0.0,
        },
    ],
    buffers: [],
    docs: " Computes the tangent of a number (in radians).\n",
}
