---
source: euphony-dsp/src/tertiary.rs
assertion_line: 105
expression: node
---
Node {
    name: "Select",
    module: [
        "tertiary",
    ],
    impl_path: "euphony_dsp::tertiary",
    id: 78,
    inputs: [
        Input {
            name: "cond",
            id: 0,
            trigger: false,
            default: 0.0,
        },
        Input {
            name: "positive",
            id: 1,
            trigger: false,
            default: 0.0,
        },
        Input {
            name: "negative",
            id: 2,
            trigger: false,
            default: 0.0,
        },
    ],
    buffers: [],
    docs: " If `cond` is positive, then `positive` is returned. Otherwise `negative`\n is returned.\n",
}
