---
source: euphony-dsp/src/unary.rs
assertion_line: 93
expression: node
---
Node {
    name: "Cosh",
    module: [
        "unary",
    ],
    impl_path: "euphony_dsp::unary",
    id: 11,
    inputs: [
        Input {
            name: "input",
            id: 0,
            trigger: false,
            default: 0.0,
        },
    ],
    buffers: [],
    docs: " Hyperbolic cosine function.\n",
}
