---
source: euphony-dsp/src/unary.rs
assertion_line: 228
expression: node
---
Node {
    name: "ToDegrees",
    module: [
        "unary",
    ],
    impl_path: "euphony_dsp::unary",
    id: 30,
    inputs: [
        Input {
            name: "input",
            id: 0,
            trigger: false,
            default: 0.0,
        },
    ],
    buffers: [],
    docs: " Converts radians to degrees.\n",
}
