---
source: euphony-dsp/src/buffer.rs
expression: node
---
Node {
    name: "Play",
    module: [
        "buffer",
    ],
    impl_path: "euphony_dsp::buffer",
    id: 500,
    inputs: [
        Input {
            name: "repeat",
            id: 0,
            trigger: true,
            default: 0.0,
        },
        Input {
            name: "reset",
            id: 1,
            trigger: true,
            default: 0.0,
        },
    ],
    buffers: [
        Buffer {
            name: "buffer",
            id: 0,
        },
    ],
    docs: " Plays a buffer\n",
    fork: None,
}
