---
source: euphony-dsp/src/filter.rs
expression: node
---
Node {
    name: "Allpass",
    module: [
        "filter",
    ],
    impl_path: "euphony_dsp::filter",
    id: 313,
    inputs: [
        Input {
            name: "signal",
            id: 0,
            trigger: false,
            default: 0.0,
        },
        Input {
            name: "center",
            id: 1,
            trigger: false,
            default: 440.0,
        },
        Input {
            name: "q",
            id: 2,
            trigger: false,
            default: 0.1,
        },
    ],
    docs: " Allpass filter.\n",
}
