---
source: euphony-live/src/transform/theory.rs
assertion_line: 102
expression: outputs
---
[
    (
        Internal(
            Number(
                0,
            ),
        ),
        Internal(
            Number(
                0,
            ),
        ),
    ),
    (
        Internal(
            Number(
                1/12,
            ),
        ),
        Internal(
            Number(
                0,
            ),
        ),
    ),
    (
        Internal(
            Number(
                1/6,
            ),
        ),
        Internal(
            Number(
                1/6,
            ),
        ),
    ),
    (
        Internal(
            Number(
                1/4,
            ),
        ),
        Internal(
            Number(
                1/6,
            ),
        ),
    ),
    (
        Internal(
            Number(
                1/3,
            ),
        ),
        Internal(
            Number(
                1/4,
            ),
        ),
    ),
    (
        Internal(
            Number(
                5/12,
            ),
        ),
        Internal(
            Number(
                5/12,
            ),
        ),
    ),
    (
        Internal(
            Number(
                1/2,
            ),
        ),
        Internal(
            Number(
                5/12,
            ),
        ),
    ),
    (
        Internal(
            Number(
                7/12,
            ),
        ),
        Internal(
            Number(
                7/12,
            ),
        ),
    ),
    (
        Internal(
            Number(
                2/3,
            ),
        ),
        Internal(
            Number(
                7/12,
            ),
        ),
    ),
    (
        Internal(
            Number(
                3/4,
            ),
        ),
        Internal(
            Number(
                2/3,
            ),
        ),
    ),
    (
        Internal(
            Number(
                5/6,
            ),
        ),
        Internal(
            Number(
                2/3,
            ),
        ),
    ),
    (
        Internal(
            Number(
                11/12,
            ),
        ),
        Internal(
            Number(
                5/6,
            ),
        ),
    ),
]
