---
source: euphony-testing/src/lib.rs
expression: "*result"
---
{"SetSeed":{"seed":0}}
{"SynthDef":{"id":0,"definition":{}}}
{"SetGroupName":{"id":0,"name":"main"}}
{"Spawn":{"id":0,"synthdef":0,"group":0}}
{"Set":{"id":0,"parameter":0,"value":0.0}}
{"AdvanceTime":{"amount":{"secs":0,"nanos":500000000}}}
{"Drop":{"id":0}}
{"Spawn":{"id":1,"synthdef":0,"group":0}}
{"Set":{"id":1,"parameter":1,"value":0.5}}
{"AdvanceTime":{"amount":{"secs":0,"nanos":428571428}}}
{"Drop":{"id":1}}
{"Spawn":{"id":2,"synthdef":0,"group":0}}
{"Set":{"id":2,"parameter":2,"value":1.0}}
{"AdvanceTime":{"amount":{"secs":0,"nanos":375000000}}}
{"Drop":{"id":2}}
{"Spawn":{"id":3,"synthdef":0,"group":0}}
{"Set":{"id":3,"parameter":3,"value":1.5}}
{"AdvanceTime":{"amount":{"secs":0,"nanos":333333333}}}
{"Drop":{"id":3}}
{"Spawn":{"id":4,"synthdef":0,"group":0}}
{"Set":{"id":4,"parameter":4,"value":2.0}}
{"AdvanceTime":{"amount":{"secs":0,"nanos":300000000}}}
{"Drop":{"id":4}}
{"Spawn":{"id":5,"synthdef":0,"group":0}}
{"Set":{"id":5,"parameter":5,"value":2.5}}
{"AdvanceTime":{"amount":{"secs":0,"nanos":272727272}}}
{"Drop":{"id":5}}
{"Spawn":{"id":6,"synthdef":0,"group":0}}
{"Set":{"id":6,"parameter":6,"value":3.0}}
{"AdvanceTime":{"amount":{"secs":0,"nanos":250000000}}}
{"Drop":{"id":6}}
{"Spawn":{"id":7,"synthdef":0,"group":0}}
{"Set":{"id":7,"parameter":7,"value":3.5}}
{"AdvanceTime":{"amount":{"secs":0,"nanos":230769230}}}
{"Drop":{"id":7}}
{"Spawn":{"id":8,"synthdef":0,"group":0}}
{"Set":{"id":8,"parameter":8,"value":4.0}}
{"AdvanceTime":{"amount":{"secs":0,"nanos":214285714}}}
{"Drop":{"id":8}}
{"Spawn":{"id":9,"synthdef":0,"group":0}}
{"Set":{"id":9,"parameter":9,"value":4.5}}
{"AdvanceTime":{"amount":{"secs":0,"nanos":200000000}}}
{"Drop":{"id":9}}
"Finish"

