---
source: euphony-testing/src/lib.rs
expression: "*result"
---
{"SetSeed":{"seed":0}}
{"SynthDef":{"id":0,"definition":{}}}
{"SetGroupName":{"id":0,"name":"main"}}
{"Spawn":{"id":0,"synthdef":0,"group":0}}
{"Set":{"id":0,"parameter":0,"value":0.0}}
{"SynthDef":{"id":1,"definition":{}}}
{"Spawn":{"id":1,"synthdef":1,"group":0}}
{"Set":{"id":1,"parameter":0,"value":0.0}}
{"AdvanceTime":{"amount":{"secs":0,"nanos":125000000}}}
{"Drop":{"id":1}}
{"Spawn":{"id":2,"synthdef":1,"group":0}}
{"Set":{"id":2,"parameter":1,"value":0.25}}
{"AdvanceTime":{"amount":{"secs":0,"nanos":125000000}}}
{"Drop":{"id":0}}
{"Spawn":{"id":3,"synthdef":0,"group":0}}
{"Set":{"id":3,"parameter":1,"value":0.5}}
{"Drop":{"id":2}}
{"Spawn":{"id":4,"synthdef":1,"group":0}}
{"Set":{"id":4,"parameter":2,"value":0.5}}
{"AdvanceTime":{"amount":{"secs":0,"nanos":125000000}}}
{"Drop":{"id":4}}
{"Spawn":{"id":5,"synthdef":1,"group":0}}
{"Set":{"id":5,"parameter":3,"value":0.75}}
{"AdvanceTime":{"amount":{"secs":0,"nanos":125000000}}}
{"Drop":{"id":3}}
{"Spawn":{"id":6,"synthdef":0,"group":0}}
{"Set":{"id":6,"parameter":2,"value":1.0}}
{"Drop":{"id":5}}
{"Spawn":{"id":7,"synthdef":1,"group":0}}
{"Set":{"id":7,"parameter":4,"value":1.0}}
{"AdvanceTime":{"amount":{"secs":0,"nanos":125000000}}}
{"Drop":{"id":7}}
{"Spawn":{"id":8,"synthdef":1,"group":0}}
{"Set":{"id":8,"parameter":5,"value":1.25}}
{"AdvanceTime":{"amount":{"secs":0,"nanos":125000000}}}
{"Drop":{"id":6}}
{"Spawn":{"id":9,"synthdef":0,"group":0}}
{"Set":{"id":9,"parameter":3,"value":1.5}}
{"Drop":{"id":8}}
{"Spawn":{"id":10,"synthdef":1,"group":0}}
{"Set":{"id":10,"parameter":6,"value":1.5}}
{"AdvanceTime":{"amount":{"secs":0,"nanos":125000000}}}
{"Drop":{"id":10}}
{"Spawn":{"id":11,"synthdef":1,"group":0}}
{"Set":{"id":11,"parameter":7,"value":1.75}}
{"AdvanceTime":{"amount":{"secs":0,"nanos":125000000}}}
{"Drop":{"id":9}}
{"Spawn":{"id":12,"synthdef":0,"group":0}}
{"Set":{"id":12,"parameter":4,"value":2.0}}
{"Drop":{"id":11}}
{"Spawn":{"id":13,"synthdef":1,"group":0}}
{"Set":{"id":13,"parameter":8,"value":2.0}}
{"AdvanceTime":{"amount":{"secs":0,"nanos":125000000}}}
{"Drop":{"id":13}}
{"Spawn":{"id":14,"synthdef":1,"group":0}}
{"Set":{"id":14,"parameter":9,"value":2.25}}
{"AdvanceTime":{"amount":{"secs":0,"nanos":125000000}}}
{"Drop":{"id":12}}
{"Spawn":{"id":15,"synthdef":0,"group":0}}
{"Set":{"id":15,"parameter":5,"value":2.5}}
{"Drop":{"id":14}}
{"AdvanceTime":{"amount":{"secs":0,"nanos":250000000}}}
{"Drop":{"id":15}}
{"Spawn":{"id":16,"synthdef":0,"group":0}}
{"Set":{"id":16,"parameter":6,"value":3.0}}
{"AdvanceTime":{"amount":{"secs":0,"nanos":250000000}}}
{"Drop":{"id":16}}
{"Spawn":{"id":17,"synthdef":0,"group":0}}
{"Set":{"id":17,"parameter":7,"value":3.5}}
{"AdvanceTime":{"amount":{"secs":0,"nanos":250000000}}}
{"Drop":{"id":17}}
{"Spawn":{"id":18,"synthdef":0,"group":0}}
{"Set":{"id":18,"parameter":8,"value":4.0}}
{"AdvanceTime":{"amount":{"secs":0,"nanos":250000000}}}
{"Drop":{"id":18}}
{"Spawn":{"id":19,"synthdef":0,"group":0}}
{"Set":{"id":19,"parameter":9,"value":4.5}}
{"AdvanceTime":{"amount":{"secs":0,"nanos":250000000}}}
{"Drop":{"id":19}}
"Finish"

