---
source: euphony-testing/src/lib.rs
expression: "*result"
---
{"SetSeed":{"seed":0}}
{"SynthDef":{"id":0,"definition":{}}}
{"SetGroupName":{"id":0,"name":"main"}}
{"Spawn":{"id":0,"synthdef":0,"group":0}}
{"Set":{"id":0,"parameter":8251690495967107212,"value":0.0}}
{"AdvanceTime":{"amount":{"secs":0,"nanos":250000000}}}
{"Set":{"id":0,"parameter":8100708189767581495,"value":0.5}}
{"AdvanceTime":{"amount":{"secs":0,"nanos":250000000}}}
{"Set":{"id":0,"parameter":18075600217600495122,"value":1.0}}
{"AdvanceTime":{"amount":{"secs":0,"nanos":250000000}}}
{"Set":{"id":0,"parameter":8525480561105331059,"value":1.5}}
{"AdvanceTime":{"amount":{"secs":0,"nanos":250000000}}}
{"Set":{"id":0,"parameter":16548187137891372853,"value":2.0}}
{"AdvanceTime":{"amount":{"secs":0,"nanos":250000000}}}
{"Drop":{"id":0}}
{"Spawn":{"id":1,"synthdef":0,"group":0}}
{"Set":{"id":1,"parameter":17394354212723026293,"value":2.5}}
{"AdvanceTime":{"amount":{"secs":0,"nanos":250000000}}}
{"Set":{"id":1,"parameter":10849406535690575840,"value":3.0}}
{"AdvanceTime":{"amount":{"secs":0,"nanos":250000000}}}
{"Set":{"id":1,"parameter":8418576879742075557,"value":3.5}}
{"AdvanceTime":{"amount":{"secs":0,"nanos":250000000}}}
{"Set":{"id":1,"parameter":7289123318998479596,"value":4.0}}
{"AdvanceTime":{"amount":{"secs":0,"nanos":250000000}}}
{"Set":{"id":1,"parameter":15105133814341793997,"value":4.5}}
{"AdvanceTime":{"amount":{"secs":0,"nanos":250000000}}}
{"Drop":{"id":1}}
{"Spawn":{"id":2,"synthdef":0,"group":0}}
{"Set":{"id":2,"parameter":8251690495967107212,"value":5.0}}
{"AdvanceTime":{"amount":{"secs":0,"nanos":250000000}}}
{"Set":{"id":2,"parameter":8100708189767581495,"value":5.5}}
{"AdvanceTime":{"amount":{"secs":0,"nanos":250000000}}}
{"Set":{"id":2,"parameter":18075600217600495122,"value":6.0}}
{"AdvanceTime":{"amount":{"secs":0,"nanos":250000000}}}
{"Set":{"id":2,"parameter":8525480561105331059,"value":6.5}}
{"AdvanceTime":{"amount":{"secs":0,"nanos":250000000}}}
{"Set":{"id":2,"parameter":16548187137891372853,"value":7.0}}
{"AdvanceTime":{"amount":{"secs":0,"nanos":250000000}}}
{"Drop":{"id":2}}
"Finish"

